
> blazing-space@0.0.0 build
> tsc -b && vite build

src/components/CTAPanel.tsx(4,28): error TS6196: 'CTAAnimation' is declared but never used.
src/components/LayersPanel.tsx(3,45): error TS6133: 'Eye' is declared but its value is never read.
src/components/LayersPanel.tsx(3,50): error TS6133: 'EyeOff' is declared but its value is never read.
src/components/LogoPanel.tsx(3,78): error TS6133: 'Crop' is declared but its value is never read.
src/components/LogoPanel.tsx(17,9): error TS6133: 'previewCanvasRef' is declared but its value is never read.
src/components/LogoPanel.tsx(111,11): error TS6133: 'displayScale' is declared but its value is never read.
